// Jest Snapshot v1, https://goo.gl/fbAQLP

exports[`Renders button component 1`] = `
<button
  id="show-products"
  onClick={[Function]}
>
  Show Products
</button>
`;
